<!DOCTYPE html>
<html lang="en">

<head>
    <meta charset="UTF-8">
    <title>Document</title>
    <link rel="stylesheet" href="./css/main.css">
</head>

<body>
    <header>
        <div class="container clearfix">
            <nav>
                <img src="./img/logo.png" alt="logo">
                <ul>
                    <li><a href="#">home</a></li>
                    <li><a href="#">services</a></li>
                    <li><a href="#">portfolio</a></li>
                    <li><a href="#">about</a></li>
                    <li><a href="#">contact</a></li>
                </ul>
            </nav>
            <h2>Welcome To Our Studio!</h2>
            <h1>It’s nice to Meet you</h1>
            <div>
                <a href="#" class="button">Tell Me More</a>
            </div>
        </div>
    </header>
    <section>
        <div class="container clearfix">
            <div class="title">
                <h2>Services</h2>
                <p>Proin iaculis purus consequat sem cure</p>
            </div>
            <div>
                <div class="service">
                    <img src="./img/icon1.png" alt="">
                    <h3>
                        E-Commerce
                    </h3>
                    <p>
                        Proin iaculis purus consequat sem cure digni ssim. Donec porttitora entum suscipit aenean rhoncus posuere odio in tincidunt.
                    </p>
                </div>
                <div class="service">
                    <img src="./img/icon2.png" alt="">
                    <h3>
                        Responsive Web
                    </h3>
                    <p>
                        Proin iaculis purus consequat sem cure digni ssim. Donec porttitora entum suscipit aenean rhoncus posuere odio in tincidunt.
                    </p>
                </div>
                <div class="service">
                    <img src="./img/icon3.png" alt="">
                    <h3>
                        Web Security
                    </h3>
                    <p>
                        Proin iaculis purus consequat sem cure digni ssim. Donec porttitora entum suscipit aenean rhoncus posuere odio in tincidunt.
                    </p>
                </div>
            </div>
        </div>
    </section>
    <section id="portfolio">
        <div class="container clearfix">
            <div class="title">
                <h2>Our portfolio</h2>
                <p>Proin iaculis purus consequat sem cure</p>
            </div>
            <div class="works">
                <img src="./img/img1.jpg" alt="">
                <img src="./img/img2.jpg" alt="">
                <img src="./img/img3.jpg" alt="">
            </div>
        </div>
    </section>
    <section>
        <div class="container clearfix">
            <div class="title">
                <h2>About Us</h2>
                <p>Proin iaculis purus consequat sem cure</p>
            </div>
            <about>
                <div class="box">
                    <div class="box__text">
                        <h3>July 2010 </h3>
                        <h3>Our Humble Beginnings</h3>
                        <p>
                            Proin iaculis purus consequat sem cure digni ssim. Donec porttitora entum suscipit aenean rhoncus posuere odio in tincidunt. Proin iaculis purus consequat sem cure digni ssim. Donec porttitora entum suscipit.
                        </p>
                    </div>
                    <div><img src="./img/about1.jpg" alt=""></div>
                </div>
                <div class="box">
                    <div class="box__text">
                        <h3>January 2011</h3>
                        <h3> Facing Startup Battles</h3>
                        <p>
                            Proin iaculis purus consequat sem cure digni ssim. Donec porttitora entum suscipit aenean rhoncus posuere odio in tincidunt. Proin iaculis purus consequat sem cure digni ssim. Donec porttitora entum suscipit.
                        </p>
                    </div>
                    <div><img src="./img/about2.jpg" alt=""></div>
                </div>
                <div class="box">
                    <div class="box__text">
                        <h3>December 2012 </h3>
                        <h3>Enter The Dark Days</h3>
                        <p>
                            Proin iaculis purus consequat sem cure digni ssim. Donec porttitora entum suscipit aenean rhoncus posuere odio in tincidunt. Proin iaculis purus consequat sem cure digni ssim. Donec porttitora entum suscipit.
                        </p>
                    </div>
                    <div><img src="./img/about3.jpg" alt=""></div>
                </div>
                <div class="box">
                    <div class="box__text">
                        <h3>February 2014 </h3>
                        <h3>Our Triumph</h3>
                        <p>
                            Proin iaculis purus consequat sem cure digni ssim. Donec porttitora entum suscipit aenean rhoncus posuere odio in tincidunt. Proin iaculis purus consequat sem cure digni ssim. Donec porttitora entum suscipit.
                        </p>
                    </div>
                    <div><img src="./img/about4.jpg" alt=""></div>
                </div>
            </about>
        </div>
    </section>
    <footer>
        <p>© Copyright 2014 FreebiesXpress.com</p>
    </footer>
</body>

</html>